[2026-06-24 09:14:42 INF]  | NGO Connect API started. Swagger: /swagger
[2026-06-24 09:14:42 INF]  | User profile is available. Using 'C:\Users\gaura\AppData\Local\ASP.NET\DataProtection-Keys' as key repository and Windows DPAPI to encrypt keys at rest.
[2026-06-24 09:14:42 INF]  | Now listening on: https://localhost:58410
[2026-06-24 09:14:42 INF]  | Now listening on: http://localhost:58411
[2026-06-24 09:14:42 INF]  | Application started. Press Ctrl+C to shut down.
[2026-06-24 09:14:42 INF]  | Hosting environment: Development
[2026-06-24 09:14:42 INF]  | Content root path: C:\Gaurav PC\Projects\NGO_Connect\NGOConnect\NGOConnect.API
[2026-06-24 09:14:44 INF]  | Request starting HTTP/2 GET https://localhost:58410/ - null null
[2026-06-24 09:14:44 INF] 54F25A27E9364054 | → GET / | CorrelationId=54F25A27E9364054 | IP=::1
[2026-06-24 09:14:44 INF] 54F25A27E9364054 | ← GET / | 404 | 247ms | CorrelationId=54F25A27E9364054
[2026-06-24 09:14:44 INF]  | Request finished HTTP/2 GET https://localhost:58410/ - 404 0 null 677.163ms
[2026-06-24 09:14:44 INF]  | Request reached the end of the middleware pipeline without being handled by application code. Request path: GET https://localhost:58410/, Response status code: 404
[2026-06-24 09:15:18 INF]  | Request starting HTTP/2 GET https://localhost:58410/swagger - null null
[2026-06-24 09:15:18 INF]  | Request finished HTTP/2 GET https://localhost:58410/swagger - 301 0 null 17.3889ms
[2026-06-24 09:15:18 INF]  | Request starting HTTP/2 GET https://localhost:58410/swagger/index.html - null null
[2026-06-24 09:15:19 INF]  | Request finished HTTP/2 GET https://localhost:58410/swagger/index.html - 200 null text/html;charset=utf-8 110.6047ms
[2026-06-24 09:15:19 INF]  | Request starting HTTP/2 GET https://localhost:58410/_framework/aspnetcore-browser-refresh.js - null null
[2026-06-24 09:15:19 INF]  | Request starting HTTP/2 GET https://localhost:58410/swagger/index.js - null null
[2026-06-24 09:15:19 INF]  | Request starting HTTP/2 GET https://localhost:58410/_vs/browserLink - null null
[2026-06-24 09:15:19 INF]  | Request finished HTTP/2 GET https://localhost:58410/swagger/index.js - 200 null application/javascript;charset=utf-8 42.8449ms
[2026-06-24 09:15:19 INF]  | Request finished HTTP/2 GET https://localhost:58410/_framework/aspnetcore-browser-refresh.js - 200 13764 application/javascript; charset=utf-8 78.5306ms
[2026-06-24 09:15:19 INF]  | Request finished HTTP/2 GET https://localhost:58410/_vs/browserLink - 200 null text/javascript; charset=UTF-8 188.7703ms
[2026-06-24 09:15:19 INF]  | Request starting HTTP/2 GET https://localhost:58410/swagger/v1/swagger.json - null null
[2026-06-24 09:15:19 INF]  | Request finished HTTP/2 GET https://localhost:58410/swagger/v1/swagger.json - 200 null application/json;charset=utf-8 349.4541ms
[2026-06-24 09:15:46 INF]  | Request starting HTTP/2 POST https://localhost:58410/api/v1/Auth/send-otp - application/json 75
[2026-06-24 09:15:46 INF] D02C2FBAB77F41F4 | → POST /api/v1/Auth/send-otp | CorrelationId=D02C2FBAB77F41F4 | IP=::1
[2026-06-24 09:15:46 INF] D02C2FBAB77F41F4 | CORS policy execution failed.
[2026-06-24 09:15:46 INF] D02C2FBAB77F41F4 | Request origin https://localhost:58410 does not have permission to access the resource.
[2026-06-24 09:15:46 INF] D02C2FBAB77F41F4 | Executing endpoint 'NGOConnect.API.Controllers.AuthController.SendOtp (NGOConnect.API)'
[2026-06-24 09:15:46 INF] D02C2FBAB77F41F4 | Route matched with {action = "SendOtp", controller = "Auth"}. Executing controller action with signature System.Threading.Tasks.Task`1[NGOConnect.Core.Models.Common.ApiResponse`1[NGOConnect.Core.Models.Auth.SendOtpResponse]] SendOtp(NGOConnect.Core.Models.Auth.SendOtpRequest) on controller NGOConnect.API.Controllers.AuthController (NGOConnect.API).
[2026-06-24 09:15:47 ERR] D02C2FBAB77F41F4 | SendOtpAsync failed for 9815854851
MySql.Data.MySqlClient.MySqlException (0x80004005): Retrieval of the RSA public key is not enabled for insecure connections
   at MySql.Data.MySqlClient.Authentication.CachingSha2AuthenticationPlugin.GeneratePassword()
   at MySql.Data.MySqlClient.Authentication.CachingSha2AuthenticationPlugin.MoreDataAsync(Byte[] data, Boolean execAsync)
   at MySql.Data.MySqlClient.Authentication.MySqlAuthenticationPlugin.ContinueAuthenticationAsync(Boolean execAsync, Byte[] data)
   at MySql.Data.MySqlClient.Authentication.MySqlAuthenticationPlugin.AuthenticateAsync(Boolean reset, Boolean execAsync)
   at MySql.Data.MySqlClient.NativeDriver.AuthenticateAsync(String authMethod, Boolean reset, Boolean execAsync)
   at MySql.Data.MySqlClient.NativeDriver.OpenAsync(Boolean execAsync, CancellationToken cancellationToken)
   at MySql.Data.MySqlClient.NativeDriver.OpenAsync(Boolean execAsync, CancellationToken cancellationToken)
   at MySql.Data.MySqlClient.Driver.OpenAsync(Boolean execAsync, CancellationToken cancellationToken)
   at MySql.Data.MySqlClient.Driver.CreateAsync(MySqlConnectionStringBuilder settings, Boolean execAsync, CancellationToken cancellationToken)
   at MySql.Data.MySqlClient.Driver.CreateAsync(MySqlConnectionStringBuilder settings, Boolean execAsync, CancellationToken cancellationToken)
   at MySql.Data.MySqlClient.MySqlPool.CreateNewPooledConnectionAsync(Boolean execAsync, CancellationToken cancellationToken)
   at MySql.Data.MySqlClient.MySqlPool.GetPooledConnectionAsync(Boolean execAsync, CancellationToken cancellationToken)
   at MySql.Data.MySqlClient.MySqlPool.TryToGetDriverAsync(Boolean execAsync, CancellationToken cancellationToken)
   at MySql.Data.MySqlClient.MySqlPool.GetConnectionAsync(Boolean execAsync, CancellationToken cancellationToken)
   at MySql.Data.MySqlClient.MySqlConnection.OpenAsync(Boolean execAsync, CancellationToken cancellationToken)
   at NGOConnect.Infrastructure.DbProvider.MySqlDbProvider.CreateConnectionAsync() in C:\Gaurav PC\Projects\NGO_Connect\NGOConnect\NGOConnect.Infrastructure\DbProvider\MySqlDbProvider.cs:line 31
   at NGOConnect.Infrastructure.DAL.AuthDal.SendOtpAsync(SendOtpRequest request, String ipAddress) in C:\Gaurav PC\Projects\NGO_Connect\NGOConnect\NGOConnect.Infrastructure\DAL\AuthDal.cs:line 36
[2026-06-24 09:15:47 INF] D02C2FBAB77F41F4 | Executing ObjectResult, writing value of type 'NGOConnect.Core.Models.Common.ApiResponse`1[[NGOConnect.Core.Models.Auth.SendOtpResponse, NGOConnect.Core, Version=1.0.0.0, Culture=neutral, PublicKeyToken=null]]'.
[2026-06-24 09:15:47 INF] D02C2FBAB77F41F4 | Executed action NGOConnect.API.Controllers.AuthController.SendOtp (NGOConnect.API) in 832.5273ms
[2026-06-24 09:15:47 INF] D02C2FBAB77F41F4 | Executed endpoint 'NGOConnect.API.Controllers.AuthController.SendOtp (NGOConnect.API)'
[2026-06-24 09:15:47 INF] D02C2FBAB77F41F4 | ← POST /api/v1/Auth/send-otp | 200 | 935ms | CorrelationId=D02C2FBAB77F41F4
[2026-06-24 09:15:47 INF]  | Request finished HTTP/2 POST https://localhost:58410/api/v1/Auth/send-otp - 200 null application/json; charset=utf-8 960.5467ms
[2026-06-24 09:16:42 INF]  | Request starting HTTP/2 POST https://localhost:58410/api/v1/Auth/send-otp - application/json 75
[2026-06-24 09:16:42 INF] A6BA3F16EBD14D13 | → POST /api/v1/Auth/send-otp | CorrelationId=A6BA3F16EBD14D13 | IP=::1
[2026-06-24 09:16:42 INF] A6BA3F16EBD14D13 | CORS policy execution failed.
[2026-06-24 09:16:42 INF] A6BA3F16EBD14D13 | Request origin https://localhost:58410 does not have permission to access the resource.
[2026-06-24 09:16:42 INF] A6BA3F16EBD14D13 | Executing endpoint 'NGOConnect.API.Controllers.AuthController.SendOtp (NGOConnect.API)'
[2026-06-24 09:16:42 INF] A6BA3F16EBD14D13 | Route matched with {action = "SendOtp", controller = "Auth"}. Executing controller action with signature System.Threading.Tasks.Task`1[NGOConnect.Core.Models.Common.ApiResponse`1[NGOConnect.Core.Models.Auth.SendOtpResponse]] SendOtp(NGOConnect.Core.Models.Auth.SendOtpRequest) on controller NGOConnect.API.Controllers.AuthController (NGOConnect.API).
[2026-06-24 09:17:54 INF]  | NGO Connect API started. Swagger: /swagger
[2026-06-24 09:17:54 INF]  | User profile is available. Using 'C:\Users\gaura\AppData\Local\ASP.NET\DataProtection-Keys' as key repository and Windows DPAPI to encrypt keys at rest.
[2026-06-24 09:17:55 INF]  | Now listening on: https://localhost:58410
[2026-06-24 09:17:55 INF]  | Now listening on: http://localhost:58411
[2026-06-24 09:17:55 INF]  | Application started. Press Ctrl+C to shut down.
[2026-06-24 09:17:55 INF]  | Hosting environment: Development
[2026-06-24 09:17:55 INF]  | Content root path: C:\Gaurav PC\Projects\NGO_Connect\NGOConnect\NGOConnect.API
[2026-06-24 09:17:55 INF]  | Request starting HTTP/2 GET https://localhost:58410/ - null null
[2026-06-24 09:17:56 INF] E372943B01AD47C8 | → GET / | CorrelationId=E372943B01AD47C8 | IP=::1
[2026-06-24 09:17:56 INF] E372943B01AD47C8 | ← GET / | 404 | 286ms | CorrelationId=E372943B01AD47C8
[2026-06-24 09:17:56 INF]  | Request finished HTTP/2 GET https://localhost:58410/ - 404 0 null 680.7204ms
[2026-06-24 09:17:56 INF]  | Request reached the end of the middleware pipeline without being handled by application code. Request path: GET https://localhost:58410/, Response status code: 404
[2026-06-24 09:20:00 INF]  | NGO Connect API started. Swagger: /swagger
[2026-06-24 09:20:00 INF]  | User profile is available. Using 'C:\Users\gaura\AppData\Local\ASP.NET\DataProtection-Keys' as key repository and Windows DPAPI to encrypt keys at rest.
[2026-06-24 09:20:01 INF]  | Now listening on: https://localhost:58410
[2026-06-24 09:20:01 INF]  | Now listening on: http://localhost:58411
[2026-06-24 09:20:01 INF]  | Application started. Press Ctrl+C to shut down.
[2026-06-24 09:20:01 INF]  | Hosting environment: Development
[2026-06-24 09:20:01 INF]  | Content root path: C:\Gaurav PC\Projects\NGO_Connect\NGOConnect\NGOConnect.API
[2026-06-24 09:20:01 INF]  | Request starting HTTP/2 GET https://localhost:58410/ - null null
[2026-06-24 09:20:02 INF] DA338DC9F1DB461E | → GET / | CorrelationId=DA338DC9F1DB461E | IP=::1
[2026-06-24 09:20:02 INF] DA338DC9F1DB461E | ← GET / | 404 | 281ms | CorrelationId=DA338DC9F1DB461E
[2026-06-24 09:20:02 INF]  | Request finished HTTP/2 GET https://localhost:58410/ - 404 0 null 685.7508ms
[2026-06-24 09:20:02 INF]  | Request reached the end of the middleware pipeline without being handled by application code. Request path: GET https://localhost:58410/, Response status code: 404
[2026-06-24 09:20:06 INF]  | Request starting HTTP/2 GET https://localhost:58410/swagger/index.html - null null
[2026-06-24 09:20:07 INF]  | Request finished HTTP/2 GET https://localhost:58410/swagger/index.html - 200 null text/html;charset=utf-8 215.8155ms
[2026-06-24 09:20:07 INF]  | Request starting HTTP/2 GET https://localhost:58410/_framework/aspnetcore-browser-refresh.js - null null
[2026-06-24 09:20:07 INF]  | Request starting HTTP/2 GET https://localhost:58410/swagger/index.js - null null
[2026-06-24 09:20:07 INF]  | Request starting HTTP/2 GET https://localhost:58410/_vs/browserLink - null null
[2026-06-24 09:20:07 INF]  | Request finished HTTP/2 GET https://localhost:58410/swagger/index.js - 200 null application/javascript;charset=utf-8 22.96ms
[2026-06-24 09:20:07 INF]  | Request finished HTTP/2 GET https://localhost:58410/_framework/aspnetcore-browser-refresh.js - 200 13764 application/javascript; charset=utf-8 41.6844ms
[2026-06-24 09:20:07 INF]  | Request finished HTTP/2 GET https://localhost:58410/_vs/browserLink - 200 null text/javascript; charset=UTF-8 122.6734ms
[2026-06-24 09:20:07 INF]  | Request starting HTTP/2 GET https://localhost:58410/swagger/v1/swagger.json - null null
[2026-06-24 09:20:07 INF]  | Request finished HTTP/2 GET https://localhost:58410/swagger/v1/swagger.json - 200 null application/json;charset=utf-8 365.9473ms
[2026-06-24 09:20:23 INF]  | Request starting HTTP/2 POST https://localhost:58410/api/v1/Auth/send-otp - application/json 75
[2026-06-24 09:20:23 INF] CDE15495468443B1 | → POST /api/v1/Auth/send-otp | CorrelationId=CDE15495468443B1 | IP=::1
[2026-06-24 09:20:23 INF] CDE15495468443B1 | CORS policy execution failed.
[2026-06-24 09:20:23 INF] CDE15495468443B1 | Request origin https://localhost:58410 does not have permission to access the resource.
[2026-06-24 09:20:23 INF] CDE15495468443B1 | Executing endpoint 'NGOConnect.API.Controllers.AuthController.SendOtp (NGOConnect.API)'
[2026-06-24 09:20:23 INF] CDE15495468443B1 | Route matched with {action = "SendOtp", controller = "Auth"}. Executing controller action with signature System.Threading.Tasks.Task`1[NGOConnect.Core.Models.Common.ApiResponse`1[NGOConnect.Core.Models.Auth.SendOtpResponse]] SendOtp(NGOConnect.Core.Models.Auth.SendOtpRequest) on controller NGOConnect.API.Controllers.AuthController (NGOConnect.API).
[2026-06-24 09:20:29 ERR] CDE15495468443B1 | SendOtpAsync failed for 9815854851
MySql.Data.MySqlClient.MySqlException (0x80004005): Retrieval of the RSA public key is not enabled for insecure connections
   at MySql.Data.MySqlClient.Authentication.CachingSha2AuthenticationPlugin.GeneratePassword()
   at MySql.Data.MySqlClient.Authentication.CachingSha2AuthenticationPlugin.MoreDataAsync(Byte[] data, Boolean execAsync)
   at MySql.Data.MySqlClient.Authentication.MySqlAuthenticationPlugin.ContinueAuthenticationAsync(Boolean execAsync, Byte[] data)
   at MySql.Data.MySqlClient.Authentication.MySqlAuthenticationPlugin.AuthenticateAsync(Boolean reset, Boolean execAsync)
   at MySql.Data.MySqlClient.NativeDriver.AuthenticateAsync(String authMethod, Boolean reset, Boolean execAsync)
   at MySql.Data.MySqlClient.NativeDriver.OpenAsync(Boolean execAsync, CancellationToken cancellationToken)
   at MySql.Data.MySqlClient.NativeDriver.OpenAsync(Boolean execAsync, CancellationToken cancellationToken)
   at MySql.Data.MySqlClient.Driver.OpenAsync(Boolean execAsync, CancellationToken cancellationToken)
   at MySql.Data.MySqlClient.Driver.CreateAsync(MySqlConnectionStringBuilder settings, Boolean execAsync, CancellationToken cancellationToken)
   at MySql.Data.MySqlClient.Driver.CreateAsync(MySqlConnectionStringBuilder settings, Boolean execAsync, CancellationToken cancellationToken)
   at MySql.Data.MySqlClient.MySqlPool.CreateNewPooledConnectionAsync(Boolean execAsync, CancellationToken cancellationToken)
   at MySql.Data.MySqlClient.MySqlPool.GetPooledConnectionAsync(Boolean execAsync, CancellationToken cancellationToken)
   at MySql.Data.MySqlClient.MySqlPool.TryToGetDriverAsync(Boolean execAsync, CancellationToken cancellationToken)
   at MySql.Data.MySqlClient.MySqlPool.GetConnectionAsync(Boolean execAsync, CancellationToken cancellationToken)
   at MySql.Data.MySqlClient.MySqlConnection.OpenAsync(Boolean execAsync, CancellationToken cancellationToken)
   at NGOConnect.Infrastructure.DbProvider.MySqlDbProvider.CreateConnectionAsync() in C:\Gaurav PC\Projects\NGO_Connect\NGOConnect\NGOConnect.Infrastructure\DbProvider\MySqlDbProvider.cs:line 31
   at NGOConnect.Infrastructure.DAL.AuthDal.SendOtpAsync(SendOtpRequest request, String ipAddress) in C:\Gaurav PC\Projects\NGO_Connect\NGOConnect\NGOConnect.Infrastructure\DAL\AuthDal.cs:line 36
[2026-06-24 09:20:29 INF] CDE15495468443B1 | Executing ObjectResult, writing value of type 'NGOConnect.Core.Models.Common.ApiResponse`1[[NGOConnect.Core.Models.Auth.SendOtpResponse, NGOConnect.Core, Version=1.0.0.0, Culture=neutral, PublicKeyToken=null]]'.
[2026-06-24 09:20:29 INF] CDE15495468443B1 | Executed action NGOConnect.API.Controllers.AuthController.SendOtp (NGOConnect.API) in 6486.6077ms
[2026-06-24 09:20:29 INF] CDE15495468443B1 | Executed endpoint 'NGOConnect.API.Controllers.AuthController.SendOtp (NGOConnect.API)'
[2026-06-24 09:20:29 INF] CDE15495468443B1 | ← POST /api/v1/Auth/send-otp | 200 | 6602ms | CorrelationId=CDE15495468443B1
[2026-06-24 09:20:29 INF]  | Request finished HTTP/2 POST https://localhost:58410/api/v1/Auth/send-otp - 200 null application/json; charset=utf-8 6653.5631ms
[2026-06-24 09:20:34 INF]  | Request starting HTTP/2 POST https://localhost:58410/api/v1/Auth/send-otp - application/json 75
[2026-06-24 09:20:34 INF] 68C493A30E5A42BC | → POST /api/v1/Auth/send-otp | CorrelationId=68C493A30E5A42BC | IP=::1
[2026-06-24 09:20:34 INF] 68C493A30E5A42BC | CORS policy execution failed.
[2026-06-24 09:20:34 INF] 68C493A30E5A42BC | Request origin https://localhost:58410 does not have permission to access the resource.
[2026-06-24 09:20:34 INF] 68C493A30E5A42BC | Executing endpoint 'NGOConnect.API.Controllers.AuthController.SendOtp (NGOConnect.API)'
[2026-06-24 09:20:34 INF] 68C493A30E5A42BC | Route matched with {action = "SendOtp", controller = "Auth"}. Executing controller action with signature System.Threading.Tasks.Task`1[NGOConnect.Core.Models.Common.ApiResponse`1[NGOConnect.Core.Models.Auth.SendOtpResponse]] SendOtp(NGOConnect.Core.Models.Auth.SendOtpRequest) on controller NGOConnect.API.Controllers.AuthController (NGOConnect.API).
[2026-06-24 09:21:48 INF]  | NGO Connect API started. Swagger: /swagger
[2026-06-24 09:21:48 INF]  | User profile is available. Using 'C:\Users\gaura\AppData\Local\ASP.NET\DataProtection-Keys' as key repository and Windows DPAPI to encrypt keys at rest.
[2026-06-24 09:21:48 INF]  | Now listening on: https://localhost:58410
[2026-06-24 09:21:48 INF]  | Now listening on: http://localhost:58411
[2026-06-24 09:21:48 INF]  | Application started. Press Ctrl+C to shut down.
[2026-06-24 09:21:48 INF]  | Hosting environment: Development
[2026-06-24 09:21:48 INF]  | Content root path: C:\Gaurav PC\Projects\NGO_Connect\NGOConnect\NGOConnect.API
[2026-06-24 09:21:49 INF]  | Request starting HTTP/2 GET https://localhost:58410/ - null null
[2026-06-24 09:21:49 INF] 8FBEF6BD77914DAC | → GET / | CorrelationId=8FBEF6BD77914DAC | IP=::1
[2026-06-24 09:21:50 INF] 8FBEF6BD77914DAC | ← GET / | 404 | 258ms | CorrelationId=8FBEF6BD77914DAC
[2026-06-24 09:21:50 INF]  | Request finished HTTP/2 GET https://localhost:58410/ - 404 0 null 660.2897ms
[2026-06-24 09:21:50 INF]  | Request reached the end of the middleware pipeline without being handled by application code. Request path: GET https://localhost:58410/, Response status code: 404
[2026-06-24 09:22:14 INF]  | Request starting HTTP/2 GET https://localhost:58410/swagger/index.html - null null
[2026-06-24 09:22:14 INF]  | Request finished HTTP/2 GET https://localhost:58410/swagger/index.html - 200 null text/html;charset=utf-8 229.7972ms
[2026-06-24 09:22:15 INF]  | Request starting HTTP/2 GET https://localhost:58410/_framework/aspnetcore-browser-refresh.js - null null
[2026-06-24 09:22:15 INF]  | Request starting HTTP/2 GET https://localhost:58410/swagger/index.js - null null
[2026-06-24 09:22:15 INF]  | Request starting HTTP/2 GET https://localhost:58410/_vs/browserLink - null null
[2026-06-24 09:22:15 INF]  | Request finished HTTP/2 GET https://localhost:58410/swagger/index.js - 200 null application/javascript;charset=utf-8 19.8929ms
[2026-06-24 09:22:15 INF]  | Request finished HTTP/2 GET https://localhost:58410/_framework/aspnetcore-browser-refresh.js - 200 13764 application/javascript; charset=utf-8 56.5542ms
[2026-06-24 09:22:15 INF]  | Request finished HTTP/2 GET https://localhost:58410/_vs/browserLink - 200 null text/javascript; charset=UTF-8 187.2398ms
[2026-06-24 09:22:15 INF]  | Request starting HTTP/2 GET https://localhost:58410/swagger/v1/swagger.json - null null
[2026-06-24 09:22:15 INF]  | Request finished HTTP/2 GET https://localhost:58410/swagger/v1/swagger.json - 200 null application/json;charset=utf-8 365.0298ms
[2026-06-24 09:22:36 INF]  | Request starting HTTP/2 POST https://localhost:58410/api/v1/Auth/send-otp - application/json 75
[2026-06-24 09:22:36 INF] FFEC450E43034A75 | → POST /api/v1/Auth/send-otp | CorrelationId=FFEC450E43034A75 | IP=::1
[2026-06-24 09:22:36 INF] FFEC450E43034A75 | CORS policy execution failed.
[2026-06-24 09:22:36 INF] FFEC450E43034A75 | Request origin https://localhost:58410 does not have permission to access the resource.
[2026-06-24 09:22:36 INF] FFEC450E43034A75 | Executing endpoint 'NGOConnect.API.Controllers.AuthController.SendOtp (NGOConnect.API)'
[2026-06-24 09:22:36 INF] FFEC450E43034A75 | Route matched with {action = "SendOtp", controller = "Auth"}. Executing controller action with signature System.Threading.Tasks.Task`1[NGOConnect.Core.Models.Common.ApiResponse`1[NGOConnect.Core.Models.Auth.SendOtpResponse]] SendOtp(NGOConnect.Core.Models.Auth.SendOtpRequest) on controller NGOConnect.API.Controllers.AuthController (NGOConnect.API).
[2026-06-24 09:24:47 INF]  | NGO Connect API started. Swagger: /swagger
[2026-06-24 09:24:47 INF]  | User profile is available. Using 'C:\Users\gaura\AppData\Local\ASP.NET\DataProtection-Keys' as key repository and Windows DPAPI to encrypt keys at rest.
[2026-06-24 09:24:47 INF]  | Now listening on: https://localhost:58410
[2026-06-24 09:24:47 INF]  | Now listening on: http://localhost:58411
[2026-06-24 09:24:47 INF]  | Application started. Press Ctrl+C to shut down.
[2026-06-24 09:24:47 INF]  | Hosting environment: Development
[2026-06-24 09:24:47 INF]  | Content root path: C:\Gaurav PC\Projects\NGO_Connect\NGOConnect\NGOConnect.API
[2026-06-24 09:24:48 INF]  | Request starting HTTP/2 GET https://localhost:58410/ - null null
[2026-06-24 09:24:49 INF] 066ED4F6DBF5460B | → GET / | CorrelationId=066ED4F6DBF5460B | IP=::1
[2026-06-24 09:24:49 INF] 066ED4F6DBF5460B | ← GET / | 404 | 296ms | CorrelationId=066ED4F6DBF5460B
[2026-06-24 09:24:49 INF]  | Request finished HTTP/2 GET https://localhost:58410/ - 404 0 null 794.5098ms
[2026-06-24 09:24:49 INF]  | Request reached the end of the middleware pipeline without being handled by application code. Request path: GET https://localhost:58410/, Response status code: 404
[2026-06-24 09:25:11 INF]  | Request starting HTTP/2 GET https://localhost:58410/swagger/index.html - null null
[2026-06-24 09:25:11 INF]  | Request finished HTTP/2 GET https://localhost:58410/swagger/index.html - 200 null text/html;charset=utf-8 219.5566ms
[2026-06-24 09:25:11 INF]  | Request starting HTTP/2 GET https://localhost:58410/swagger/index.js - null null
[2026-06-24 09:25:11 INF]  | Request starting HTTP/2 GET https://localhost:58410/_framework/aspnetcore-browser-refresh.js - null null
[2026-06-24 09:25:11 INF]  | Request finished HTTP/2 GET https://localhost:58410/swagger/index.js - 200 null application/javascript;charset=utf-8 16.5217ms
[2026-06-24 09:25:11 INF]  | Request starting HTTP/2 GET https://localhost:58410/_vs/browserLink - null null
[2026-06-24 09:25:11 INF]  | Request finished HTTP/2 GET https://localhost:58410/_framework/aspnetcore-browser-refresh.js - 200 13764 application/javascript; charset=utf-8 56.2926ms
[2026-06-24 09:25:11 INF]  | Request finished HTTP/2 GET https://localhost:58410/_vs/browserLink - 200 null text/javascript; charset=UTF-8 109.5001ms
[2026-06-24 09:25:12 INF]  | Request starting HTTP/2 GET https://localhost:58410/swagger/v1/swagger.json - null null
[2026-06-24 09:25:12 INF]  | Request finished HTTP/2 GET https://localhost:58410/swagger/v1/swagger.json - 200 null application/json;charset=utf-8 400.2139ms
[2026-06-24 09:25:26 INF]  | Request starting HTTP/2 POST https://localhost:58410/api/v1/Auth/send-otp - application/json 70
[2026-06-24 09:25:26 INF] 3E897830810C47D5 | → POST /api/v1/Auth/send-otp | CorrelationId=3E897830810C47D5 | IP=::1
[2026-06-24 09:25:26 INF] 3E897830810C47D5 | CORS policy execution failed.
[2026-06-24 09:25:26 INF] 3E897830810C47D5 | Request origin https://localhost:58410 does not have permission to access the resource.
[2026-06-24 09:25:26 INF] 3E897830810C47D5 | Executing endpoint 'NGOConnect.API.Controllers.AuthController.SendOtp (NGOConnect.API)'
[2026-06-24 09:25:26 INF] 3E897830810C47D5 | Route matched with {action = "SendOtp", controller = "Auth"}. Executing controller action with signature System.Threading.Tasks.Task`1[NGOConnect.Core.Models.Common.ApiResponse`1[NGOConnect.Core.Models.Auth.SendOtpResponse]] SendOtp(NGOConnect.Core.Models.Auth.SendOtpRequest) on controller NGOConnect.API.Controllers.AuthController (NGOConnect.API).
[2026-06-24 09:32:32 INF] 3E897830810C47D5 | OTP generated for *8154 | Purpose: 1
[2026-06-24 09:32:37 INF] 3E897830810C47D5 | Executing ObjectResult, writing value of type 'NGOConnect.Core.Models.Common.ApiResponse`1[[NGOConnect.Core.Models.Auth.SendOtpResponse, NGOConnect.Core, Version=1.0.0.0, Culture=neutral, PublicKeyToken=null]]'.
[2026-06-24 09:32:37 INF] 3E897830810C47D5 | Executed action NGOConnect.API.Controllers.AuthController.SendOtp (NGOConnect.API) in 431492.0794ms
[2026-06-24 09:32:37 INF] 3E897830810C47D5 | Executed endpoint 'NGOConnect.API.Controllers.AuthController.SendOtp (NGOConnect.API)'
[2026-06-24 09:32:37 INF] 3E897830810C47D5 | ← POST /api/v1/Auth/send-otp | 200 | 431605ms | CorrelationId=3E897830810C47D5
[2026-06-24 09:32:37 INF]  | Request finished HTTP/2 POST https://localhost:58410/api/v1/Auth/send-otp - 200 null application/json; charset=utf-8 431627.4183ms
